// Jest Snapshot v1, https://goo.gl/fbAQLP

exports[`Carousel match snapshot 1`] = `
.c0 {
  margin: auto;
  position: relative;
  width: 100%;
  min-width: 275px;
  max-width: 1080px;
  padding: 36px;
  display: inline-block;
}

.c1 {
  overflow: hidden;
  width: 100%;
  height: 100%;
  margin: auto;
  border: none;
  border-radius: 4px;
}

.c2 {
  display: -webkit-box;
  display: -webkit-flex;
  display: -ms-flexbox;
  display: flex;
  -webkit-transform: translateX(0px);
  -ms-transform: translateX(0px);
  transform: translateX(0px);
  -webkit-transition: unset;
  transition: unset;
  width: 100%;
}

.c3 {
  width: 100%;
}

@media (max-width:1023.5px) {
  .c0 {
    padding: 0 0 36px;
  }
}

@media (max-width:767.5px) {
  .c0 {
    padding: 0 0 32px;
  }
}

<div>
  <div
    class="c0"
  >
    <div
      class="c1"
    >
      <div
        class="c2"
        width="100%"
      >
        <div
          class="c3"
        >
          <div>
            1
          </div>
        </div>
      </div>
    </div>
  </div>
</div>
`;
